P4 2R consistency-audit candidate
Device    : cpu
SERVO_TAU : 0.150 s
TAU_MAX   : 6.0 N m
Rollouts  : sampled torques CLIPPED to actuator bounds
Update    : uses effective perturbation after clipping
Metrics   : noiseless true plant state
Feedback  : noisy measured state retained
Theory    : measurement noise treated as stress test, not theorem assumption
Tightening: practical residual-dependent radius increment

MC: n=50, K=4096, steps=200, T=35, tol=0.05
Output: results/2r_accaudit_n50_K4096_T35_steps200_20260916_210215
MC trial  1/50
MC trial  5/50
MC trial 10/50
MC trial 15/50
MC trial 20/50
MC trial 25/50
MC trial 30/50
MC trial 35/50
MC trial 40/50
MC trial 45/50
MC trial 50/50
MC elapsed: 606.5s

====================================================================
Metric                             Vanilla MPPI            RC-MPPI
====================================================================
Success rate                               0.28               0.94
Time-to-goal (steps)           150.18 ± 81.65      28.82 ± 43.50  
Min link clearance (m)          -0.01 ± 0.02        0.02 ± 0.01   
Violation steps                  4.04 ± 4.02        0.16 ± 0.70   
EE path length (m)               5.41 ± 0.25        3.90 ± 0.18   
Commanded control energy      3377.28 ± 280.25   1384.16 ± 116.87 
Executed control energy       1240.73 ± 104.71    574.48 ± 50.83  
====================================================================

Representative seed: 41 (vanilla violated (16 steps), RC-MPPI clean)
  van: success=0, TTG=201, clr=-0.0487 m, viols=16, path=6.140 m
  rc: success=1, TTG=17, clr=0.0079 m, viols=0, path=4.097 m

Audit run complete.
